[www.placare.com/index.html]
[backblue.gif]
[fade.gif]
[index.html]
[www.placare.com/cambios-y-devoluciones.html]
[www.placare.com/tiempo-de-envios.html]
[www.placare.com/contact.html]
[www.placare.com/mujer.html]
[www.placare.com/ballerinas-mujer.html]
[www.placare.com/botines-mujer.html]
[www.placare.com/mocasines-mujer.html]
[www.placare.com/mules-slippers-mujer.html]
[www.placare.com/plataformas-mujer.html]
[www.placare.com/playeras-mujer.html]
[www.placare.com/sandalias-mujer.html]
[www.placare.com/zapatos-mujer.html]
[www.placare.com/hombres.html]
[www.placare.com/botines-hombre.html]
[www.placare.com/formales-hombre.html]
[www.placare.com/sandalias-hombre.html]
[www.placare.com/zapatos-hombre.html]
[www.placare.com/listado_productos33d9.html]
[www.placare.com/listado_productos3008.html]
[www.placare.com/listado_productos1608.html]
[www.placare.com/listado_productos_hombre4d40.html]
[www.placare.com/listado_productose89e.html]
[www.placare.com/listado_productosb29b.html]
[www.placare.com/listado_productos308b.html]
[www.placare.com/listado_productosc141.html]
[www.placare.com/listado_productosd5fb.html]
[www.placare.com/condiciones-de-envio.html]
[www.placare.com/terminos-de-servicio.html]
[www.placare.com/politicas-de-privacidad.html]
[www.placare.com/listado_productos22e1.html]
[www.placare.com/mujeres.html]
[www.placare.com/listado_productos82ee.html]
[www.placare.com/botines-mujerc6f3.html]
[www.placare.com/listado_productosc6f3.html]
[www.placare.com/listado_productos2479.html]
[www.placare.com/listado_productosf49c.html]
[www.placare.com/sandalias-mujer6a0b.html]
[www.placare.com/listado_productos0ac9.html]
[www.placare.com/common/css/loading.gif]
[www.placare.com/static/fancybox/source/jquery.fancyboxe568.js]
[www.placare.com/common/js/jquery.editablec4ca.js]
[www.placare.com/common/js/editabletextc4ca.js]
[www.placare.com/common/js/editablelinkc4ca.js]
[www.placare.com/common/js/page_editablec4ca.js]
[www.placare.com/common/js/editableimagec4ca.js]
[www.placare.com/common/js/plugins/loadingplay/fileuploader/dist/fileuploaderc4ca.js]
[www.placare.com/common/js/jquery.cookiec4ca.js]
[www.placare.com/common/js/environment.detectionc4ca.js]
[www.placare.com/common/js/bodegas2/bodegas.clientc20a.js]
[www.placare.com/common/js/parallax.minc4ca.js]
[www.placare.com/common/js/jquery.ellipsisc4ca.js]
[www.placare.com/index.html]
[www.placare.com/common/js/bodegas/dist/bodegas.clientc4ca.css]
[www.placare.com/common/css/editableimagec4ca.css]
[www.placare.com/static/css/stylec4ca.css]
[www.placare.com/static/css/footerc4ca.css]
[www.placare.com/static/css/headerc4ca.css]
[www.placare.com/static/css/gallery.hoc4ca.css]
[www.placare.com/static/css/listado_articulosc4ca.css]
[www.placare.com/static/css/listado_productosc4ca.css]
[www.placare.com/static/css/checkoutc4ca.css]
[www.placare.com/static/css/simple-sidebarc4ca.css]
[www.placare.com/static/fancybox/source/fancybox_sprite.png]
[www.placare.com/static/fancybox/source/fancybox_loading.gif]
[www.placare.com/static/fancybox/source/blank.gif]
[www.placare.com/static/fancybox/source/fancybox_overlay.png]
[www.placare.com/static/fancybox/source/fancybox_sprite@2x.png]
[www.placare.com/static/fancybox/source/jquery.fancyboxe568.css]
[www.placare.com/static/fancybox/source/fancybox_loading@2x.gif]
[www.placare.com/common/js/plugins/loadingplay/fileuploader/dist/fileuploaderc4ca.css]
[www.placare.com/static/css/ligthbox-dc4ca.css]
[www.placare.com/common/css/ellipsisc4ca.css]
[www.placare.com/formulario-de-cambios-y-devoluciones.html]
[www.placare.com/cambios-y-devoluciones.html]
[www.placare.com/tiempo-de-envios.html]
[www.placare.com/contact.html]
[www.placare.com/static/js/cart.config.js]
[www.placare.com/static/js/filter.js]
[www.placare.com/mujer.html]
[www.placare.com/static/js/spec_filter.js]
[www.placare.com/ballerinas-mujer.html]
[www.placare.com/botines-mujer.html]
[www.placare.com/mocasines-mujer.html]
[www.placare.com/mules-slippers-mujer.html]
[www.placare.com/plataformas-mujer.html]
[www.placare.com/playeras-mujer.html]
[www.placare.com/sandalias-mujer.html]
[www.placare.com/zapatos-mujer.html]
[www.placare.com/hombres.html]
[www.placare.com/static/js/spec_filter_h.js]
[www.placare.com/botines-hombre.html]
[www.placare.com/formales-hombre.html]
[www.placare.com/sandalias-hombre.html]
[www.placare.com/zapatos-hombre.html]
[www.placare.com/listado_productos33d9.html]
[www.placare.com/static/js/filtros.js]
[www.placare.com/listado_productos3008.html]
[www.placare.com/listado_productos1608.html]
[www.placare.com/listado_productos_hombre4d40.html]
[www.placare.com/static/js/filtros_h.js]
[www.placare.com/listado_productose89e.html]
[www.placare.com/listado_productosb29b.html]
[www.placare.com/listado_productos308b.html]
[www.placare.com/listado_productosc141.html]
[www.placare.com/listado_productosd5fb.html]
[www.placare.com/condiciones-de-envio.html]
[www.placare.com/terminos-de-servicio.html]
[www.placare.com/politicas-de-privacidad.html]
[www.placare.com/listado_productos22e1.html]
[www.placare.com/mujeres.html]
[www.placare.com/listado_productos82ee.html]
[www.placare.com/botines-mujerc6f3.html]
[www.placare.com/listado_productosc6f3.html]
[www.placare.com/listado_productos2479.html]
[www.placare.com/listado_productosf49c.html]
[www.placare.com/sandalias-mujer6a0b.html]
[www.placare.com/listado_productos0ac9.html]
[www.placare.com/common/js/bodegas/dist/bodegas.client.css]
[www.placare.com/formulario-de-cambios-y-devoluciones.html]
[www.placare.com/static/js/frubik.js]
[www.placare.com/static/css/page.edit.css]
